// Jest Snapshot v1, https://goo.gl/fbAQLP

exports[`User Info renders correctly 1`] = `
<div
  className="wrapper"
>
  <div
    className="MuiGrid-root MuiGrid-container MuiGrid-spacing-xs-3 MuiGrid-justify-xs-center"
  >
    <div
      className="MuiGrid-root MuiGrid-item MuiGrid-grid-xs-12 MuiGrid-grid-sm-12 MuiGrid-grid-md-12 MuiGrid-grid-lg-12 MuiGrid-grid-xl-12"
    >
      <nav
        className="MuiTypography-root MuiBreadcrumbs-root MuiTypography-body1 MuiTypography-colorTextSecondary"
      >
        <ol
          className="MuiBreadcrumbs-ol"
        >
          <li
            className="MuiBreadcrumbs-li"
          >
            <a
              className="MuiTypography-root MuiLink-root MuiLink-underlineHover MuiTypography-colorInherit"
              onBlur={[Function]}
              onClick={[Function]}
              onFocus={[Function]}
            >
              Users
            </a>
          </li>
          <li
            aria-hidden={true}
            className="PrivateBreadcrumbSeparator-root-144 MuiBreadcrumbs-separator"
          >
            /
          </li>
          <li
            className="MuiBreadcrumbs-li"
          >
            <p
              className="MuiTypography-root MuiTypography-body1 MuiTypography-colorPrimary"
            >
              
            </p>
          </li>
        </ol>
      </nav>
    </div>
    <div
      className="MuiGrid-root MuiGrid-item MuiGrid-grid-xs-12 MuiGrid-grid-sm-12 MuiGrid-grid-md-12 MuiGrid-grid-lg-12 MuiGrid-grid-xl-12"
    >
      <div
        className="MuiPaper-root MuiPaper-elevation1 MuiCard-root MuiPaper-rounded"
      >
        <div
          className="MuiCardHeader-root"
        >
          <div
            className="MuiCardHeader-content"
          >
            <span
              className="MuiTypography-root MuiCardHeader-title MuiTypography-h5 MuiTypography-displayBlock"
            >
              <div
                className="MuiSkeleton-root MuiSkeleton-text MuiSkeleton-animate"
                style={
                  Object {
                    "height": undefined,
                    "width": undefined,
                  }
                }
              />
            </span>
          </div>
        </div>
        <hr
          className="MuiDivider-root"
        />
        <div
          className="MuiCardContent-root"
        >
          <ul
            className="MuiList-root MuiList-padding"
          >
            <li
              className="MuiListItem-root MuiListItem-gutters MuiListItem-divider"
              disabled={false}
            >
              <div
                className="MuiListItemIcon-root list-item-first-column"
              >
                <div
                  className="MuiListItemText-root"
                >
                  <span
                    className="MuiTypography-root MuiListItemText-primary MuiTypography-body1"
                  >
                    Number:
                  </span>
                </div>
              </div>
              <div
                className="MuiListItemText-root"
              >
                <span
                  className="MuiTypography-root MuiListItemText-primary MuiTypography-body1"
                >
                  <div
                    className="MuiSkeleton-root MuiSkeleton-text MuiSkeleton-animate"
                    style={
                      Object {
                        "height": undefined,
                        "width": undefined,
                      }
                    }
                  />
                </span>
              </div>
            </li>
            <li
              className="MuiListItem-root MuiListItem-gutters MuiListItem-divider"
              disabled={false}
            >
              <div
                className="MuiListItemIcon-root list-item-first-column"
              >
                <div
                  className="MuiListItemText-root"
                >
                  <span
                    className="MuiTypography-root MuiListItemText-primary MuiTypography-body1"
                  >
                    Email:
                  </span>
                </div>
              </div>
              <div
                className="MuiListItemText-root"
              >
                <span
                  className="MuiTypography-root MuiListItemText-primary MuiTypography-body1"
                >
                  <div
                    className="MuiSkeleton-root MuiSkeleton-text MuiSkeleton-animate"
                    style={
                      Object {
                        "height": undefined,
                        "width": undefined,
                      }
                    }
                  />
                </span>
              </div>
            </li>
            <li
              className="MuiListItem-root MuiListItem-gutters MuiListItem-divider"
              disabled={false}
            >
              <div
                className="MuiListItemIcon-root list-item-first-column"
              >
                <div
                  className="MuiListItemText-root"
                >
                  <span
                    className="MuiTypography-root MuiListItemText-primary MuiTypography-body1"
                  >
                    Address:
                  </span>
                </div>
              </div>
              <div
                className="MuiListItemText-root"
              >
                <span
                  className="MuiTypography-root MuiListItemText-primary MuiTypography-body1"
                >
                  <div
                    className="MuiSkeleton-root MuiSkeleton-text MuiSkeleton-animate"
                    style={
                      Object {
                        "height": undefined,
                        "width": undefined,
                      }
                    }
                  />
                </span>
              </div>
            </li>
          </ul>
        </div>
      </div>
    </div>
  </div>
</div>
`;
