// Jest Snapshot v1, https://goo.gl/fbAQLP

exports[`Edit Settings renders correctly 1`] = `
<div
  className="makeStyles-root-2"
>
  <header
    className="MuiPaper-root MuiPaper-elevation4 MuiAppBar-root MuiAppBar-positionFixed makeStyles-appBar-4 MuiAppBar-colorPrimary mui-fixed"
  >
    <div
      className="MuiToolbar-root MuiToolbar-regular MuiToolbar-gutters"
    >
      <div
        className="makeStyles-logo-5"
      >
        <a
          href="http://localhost"
          style={
            Object {
              "textDecoration": "none",
            }
          }
        >
          <img
            alt="Karma Careers"
            height="24px"
            src="https://karma-careers-uploads.s3-us-west-2.amazonaws.com/logo.png"
          />
        </a>
      </div>
      <div
        className="makeStyles-menu-47"
      >
        <button
          className="MuiButtonBase-root MuiButton-root MuiButton-text MuiButton-colorInherit"
          disabled={false}
          onBlur={[Function]}
          onClick={[Function]}
          onDragLeave={[Function]}
          onFocus={[Function]}
          onKeyDown={[Function]}
          onKeyUp={[Function]}
          onMouseDown={[Function]}
          onMouseLeave={[Function]}
          onMouseUp={[Function]}
          onTouchEnd={[Function]}
          onTouchMove={[Function]}
          onTouchStart={[Function]}
          tabIndex={0}
          type="button"
        >
          <span
            className="MuiButton-label"
          >
            Post Job
          </span>
        </button>
        <button
          className="MuiButtonBase-root MuiButton-root MuiButton-outlined MuiButton-colorInherit"
          disabled={false}
          onBlur={[Function]}
          onClick={[Function]}
          onDragLeave={[Function]}
          onFocus={[Function]}
          onKeyDown={[Function]}
          onKeyUp={[Function]}
          onMouseDown={[Function]}
          onMouseLeave={[Function]}
          onMouseUp={[Function]}
          onTouchEnd={[Function]}
          onTouchMove={[Function]}
          onTouchStart={[Function]}
          tabIndex={0}
          type="button"
        >
          <span
            className="MuiButton-label"
          >
            Login
          </span>
        </button>
      </div>
    </div>
  </header>
  <div
    className="MuiDrawer-root MuiDrawer-docked makeStyles-drawer-83"
  >
    <div
      className="MuiPaper-root MuiPaper-elevation0 MuiDrawer-paper makeStyles-drawerPaper-84 MuiDrawer-paperAnchorLeft MuiDrawer-paperAnchorDockedLeft"
    >
      <ul
        className="MuiList-root MuiList-padding"
      >
        <li
          className="MuiListItem-root makeStyles-toolbar-100 MuiListItem-gutters"
          disabled={false}
        />
        <li
          className="MuiListSubheader-root MuiListSubheader-sticky MuiListSubheader-gutters"
        >
          Main
        </li>
        <div
          aria-disabled={false}
          className="MuiButtonBase-root MuiListItem-root MuiListItem-gutters MuiListItem-divider MuiListItem-button"
          onBlur={[Function]}
          onClick={[Function]}
          onDragLeave={[Function]}
          onFocus={[Function]}
          onKeyDown={[Function]}
          onKeyUp={[Function]}
          onMouseDown={[Function]}
          onMouseLeave={[Function]}
          onMouseUp={[Function]}
          onTouchEnd={[Function]}
          onTouchMove={[Function]}
          onTouchStart={[Function]}
          role="button"
          tabIndex={0}
        >
          <div
            className="MuiListItemIcon-root"
          >
            <svg
              aria-hidden="true"
              className="MuiSvgIcon-root"
              focusable="false"
              role="presentation"
              viewBox="0 0 24 24"
            >
              <path
                d="M12 7V3H2v18h20V7H12zM6 19H4v-2h2v2zm0-4H4v-2h2v2zm0-4H4V9h2v2zm0-4H4V5h2v2zm4 12H8v-2h2v2zm0-4H8v-2h2v2zm0-4H8V9h2v2zm0-4H8V5h2v2zm10 12h-8v-2h2v-2h-2v-2h2v-2h-2V9h8v10zm-2-8h-2v2h2v-2zm0 4h-2v2h2v-2z"
              />
            </svg>
          </div>
          <div
            className="MuiListItemText-root"
          >
            <span
              className="MuiTypography-root MuiListItemText-primary MuiTypography-body1"
            >
              Dashboard
            </span>
          </div>
        </div>
        <div
          aria-disabled={false}
          className="MuiButtonBase-root MuiListItem-root MuiListItem-gutters MuiListItem-divider MuiListItem-button"
          onBlur={[Function]}
          onClick={[Function]}
          onDragLeave={[Function]}
          onFocus={[Function]}
          onKeyDown={[Function]}
          onKeyUp={[Function]}
          onMouseDown={[Function]}
          onMouseLeave={[Function]}
          onMouseUp={[Function]}
          onTouchEnd={[Function]}
          onTouchMove={[Function]}
          onTouchStart={[Function]}
          role="button"
          tabIndex={0}
        >
          <div
            className="MuiListItemIcon-root"
          >
            <svg
              aria-hidden="true"
              className="MuiSvgIcon-root"
              focusable="false"
              role="presentation"
              viewBox="0 0 24 24"
            >
              <path
                d="M20 6h-4V4c0-1.11-.89-2-2-2h-4c-1.11 0-2 .89-2 2v2H4c-1.11 0-1.99.89-1.99 2L2 19c0 1.11.89 2 2 2h16c1.11 0 2-.89 2-2V8c0-1.11-.89-2-2-2zm-6 0h-4V4h4v2z"
              />
            </svg>
          </div>
          <div
            className="MuiListItemText-root"
          >
            <span
              className="MuiTypography-root MuiListItemText-primary MuiTypography-body1"
            >
              Jobs
            </span>
          </div>
        </div>
        <div
          aria-disabled={false}
          className="MuiButtonBase-root MuiListItem-root MuiListItem-gutters MuiListItem-divider MuiListItem-button"
          onBlur={[Function]}
          onClick={[Function]}
          onDragLeave={[Function]}
          onFocus={[Function]}
          onKeyDown={[Function]}
          onKeyUp={[Function]}
          onMouseDown={[Function]}
          onMouseLeave={[Function]}
          onMouseUp={[Function]}
          onTouchEnd={[Function]}
          onTouchMove={[Function]}
          onTouchStart={[Function]}
          role="button"
          tabIndex={0}
        >
          <div
            className="MuiListItemIcon-root"
          >
            <svg
              aria-hidden="true"
              className="MuiSvgIcon-root"
              focusable="false"
              role="presentation"
              viewBox="0 0 24 24"
            >
              <path
                d="M20 3h-1V1h-2v2H7V1H5v2H4c-1.1 0-2 .9-2 2v16c0 1.1.9 2 2 2h16c1.1 0 2-.9 2-2V5c0-1.1-.9-2-2-2zm0 18H4V8h16v13z"
              />
            </svg>
          </div>
          <div
            className="MuiListItemText-root"
          >
            <span
              className="MuiTypography-root MuiListItemText-primary MuiTypography-body1"
            >
              Interviews
            </span>
          </div>
        </div>
        <div
          aria-disabled={false}
          className="MuiButtonBase-root MuiListItem-root MuiListItem-gutters MuiListItem-divider MuiListItem-button"
          onBlur={[Function]}
          onClick={[Function]}
          onDragLeave={[Function]}
          onFocus={[Function]}
          onKeyDown={[Function]}
          onKeyUp={[Function]}
          onMouseDown={[Function]}
          onMouseLeave={[Function]}
          onMouseUp={[Function]}
          onTouchEnd={[Function]}
          onTouchMove={[Function]}
          onTouchStart={[Function]}
          role="button"
          tabIndex={0}
        >
          <div
            className="MuiListItemIcon-root"
          >
            <svg
              aria-hidden="true"
              className="MuiSvgIcon-root"
              focusable="false"
              role="presentation"
              viewBox="0 0 24 24"
            >
              <defs>
                <path
                  d="M0 0h24v24H0V0z"
                  id="a"
                />
              </defs>
              <path
                d="M12 2C8.14 2 5 5.14 5 9c0 5.25 7 13 7 13s7-7.75 7-13c0-3.86-3.14-7-7-7zm0 2c1.1 0 2 .9 2 2 0 1.11-.9 2-2 2s-2-.89-2-2c0-1.1.9-2 2-2zm0 10c-1.67 0-3.14-.85-4-2.15.02-1.32 2.67-2.05 4-2.05s3.98.73 4 2.05c-.86 1.3-2.33 2.15-4 2.15z"
              />
            </svg>
          </div>
          <div
            className="MuiListItemText-root"
          >
            <span
              className="MuiTypography-root MuiListItemText-primary MuiTypography-body1"
            >
              Candidates
            </span>
          </div>
        </div>
        <div
          aria-disabled={false}
          className="MuiButtonBase-root MuiListItem-root MuiListItem-gutters MuiListItem-divider MuiListItem-button"
          onBlur={[Function]}
          onClick={[Function]}
          onDragLeave={[Function]}
          onFocus={[Function]}
          onKeyDown={[Function]}
          onKeyUp={[Function]}
          onMouseDown={[Function]}
          onMouseLeave={[Function]}
          onMouseUp={[Function]}
          onTouchEnd={[Function]}
          onTouchMove={[Function]}
          onTouchStart={[Function]}
          role="button"
          tabIndex={0}
        >
          <div
            className="MuiListItemIcon-root"
          >
            <svg
              aria-hidden="true"
              className="MuiSvgIcon-root"
              focusable="false"
              role="presentation"
              viewBox="0 0 24 24"
            >
              <path
                d="M16 11c1.66 0 2.99-1.34 2.99-3S17.66 5 16 5c-1.66 0-3 1.34-3 3s1.34 3 3 3zm-8 0c1.66 0 2.99-1.34 2.99-3S9.66 5 8 5C6.34 5 5 6.34 5 8s1.34 3 3 3zm0 2c-2.33 0-7 1.17-7 3.5V19h14v-2.5c0-2.33-4.67-3.5-7-3.5zm8 0c-.29 0-.62.02-.97.05 1.16.84 1.97 1.97 1.97 3.45V19h6v-2.5c0-2.33-4.67-3.5-7-3.5z"
              />
            </svg>
          </div>
          <div
            className="MuiListItemText-root"
          >
            <span
              className="MuiTypography-root MuiListItemText-primary MuiTypography-body1"
            >
              Members
            </span>
          </div>
        </div>
        <div
          aria-disabled={false}
          className="MuiButtonBase-root MuiListItem-root MuiListItem-gutters MuiListItem-divider MuiListItem-button"
          onBlur={[Function]}
          onClick={[Function]}
          onDragLeave={[Function]}
          onFocus={[Function]}
          onKeyDown={[Function]}
          onKeyUp={[Function]}
          onMouseDown={[Function]}
          onMouseLeave={[Function]}
          onMouseUp={[Function]}
          onTouchEnd={[Function]}
          onTouchMove={[Function]}
          onTouchStart={[Function]}
          role="button"
          tabIndex={0}
        >
          <div
            className="MuiListItemIcon-root"
          >
            <svg
              aria-hidden="true"
              className="MuiSvgIcon-root"
              focusable="false"
              role="presentation"
              viewBox="0 0 24 24"
            >
              <path
                d="M0 0h20v20H0V0z"
                fill="none"
                transform="scale(1.2, 1.2)"
              />
              <path
                d="M15.95 10.78c.03-.25.05-.51.05-.78s-.02-.53-.06-.78l1.69-1.32c.15-.12.19-.34.1-.51l-1.6-2.77c-.1-.18-.31-.24-.49-.18l-1.99.8c-.42-.32-.86-.58-1.35-.78L12 2.34c-.03-.2-.2-.34-.4-.34H8.4c-.2 0-.36.14-.39.34l-.3 2.12c-.49.2-.94.47-1.35.78l-1.99-.8c-.18-.07-.39 0-.49.18l-1.6 2.77c-.1.18-.06.39.1.51l1.69 1.32c-.04.25-.07.52-.07.78s.02.53.06.78L2.37 12.1c-.15.12-.19.34-.1.51l1.6 2.77c.1.18.31.24.49.18l1.99-.8c.42.32.86.58 1.35.78l.3 2.12c.04.2.2.34.4.34h3.2c.2 0 .37-.14.39-.34l.3-2.12c.49-.2.94-.47 1.35-.78l1.99.8c.18.07.39 0 .49-.18l1.6-2.77c.1-.18.06-.39-.1-.51l-1.67-1.32zM10 13c-1.65 0-3-1.35-3-3s1.35-3 3-3 3 1.35 3 3-1.35 3-3 3z"
                transform="scale(1.2, 1.2)"
              />
            </svg>
          </div>
          <div
            className="MuiListItemText-root"
          >
            <span
              className="MuiTypography-root MuiListItemText-primary MuiTypography-body1"
            >
              Settings
            </span>
          </div>
        </div>
        <div
          aria-disabled={false}
          className="MuiButtonBase-root MuiListItem-root MuiListItem-gutters MuiListItem-divider MuiListItem-button"
          onBlur={[Function]}
          onClick={[Function]}
          onDragLeave={[Function]}
          onFocus={[Function]}
          onKeyDown={[Function]}
          onKeyUp={[Function]}
          onMouseDown={[Function]}
          onMouseLeave={[Function]}
          onMouseUp={[Function]}
          onTouchEnd={[Function]}
          onTouchMove={[Function]}
          onTouchStart={[Function]}
          role="button"
          tabIndex={0}
        >
          <div
            className="MuiListItemIcon-root"
          >
            <svg
              aria-hidden="true"
              className="MuiSvgIcon-root"
              focusable="false"
              role="presentation"
              viewBox="0 0 24 24"
            >
              <path
                d="M18 8h-1V6c0-2.76-2.24-5-5-5S7 3.24 7 6v2H6c-1.1 0-2 .9-2 2v10c0 1.1.9 2 2 2h12c1.1 0 2-.9 2-2V10c0-1.1-.9-2-2-2zm-6 9c-1.1 0-2-.9-2-2s.9-2 2-2 2 .9 2 2-.9 2-2 2zm3.1-9H8.9V6c0-1.71 1.39-3.1 3.1-3.1 1.71 0 3.1 1.39 3.1 3.1v2z"
              />
            </svg>
          </div>
          <div
            className="MuiListItemText-root"
          >
            <span
              className="MuiTypography-root MuiListItemText-primary MuiTypography-body1"
            >
              Logout
            </span>
          </div>
        </div>
      </ul>
    </div>
  </div>
  <main
    className="makeStyles-content-1"
  >
    <div
      className="makeStyles-toolbar-3"
    />
    <div
      className="wrapper"
    >
      <nav
        className="MuiTypography-root MuiBreadcrumbs-root MuiTypography-body1 MuiTypography-colorTextSecondary"
      >
        <ol
          className="MuiBreadcrumbs-ol"
        >
          <li
            className="MuiBreadcrumbs-li"
          >
            <a
              className="MuiTypography-root MuiLink-root MuiLink-underlineHover MuiTypography-colorInherit"
              onBlur={[Function]}
              onClick={[Function]}
              onFocus={[Function]}
            >
              
            </a>
          </li>
          <li
            aria-hidden={true}
            className="PrivateBreadcrumbSeparator-root-181 MuiBreadcrumbs-separator"
          >
            /
          </li>
          <li
            className="MuiBreadcrumbs-li"
          >
            <p
              className="MuiTypography-root MuiTypography-body1 MuiTypography-colorPrimary"
            >
              Settings
            </p>
          </li>
        </ol>
      </nav>
      <div
        className="MuiGrid-root MuiGrid-container MuiGrid-spacing-xs-3 MuiGrid-justify-xs-center"
      >
        <div
          className="MuiGrid-root MuiGrid-item MuiGrid-grid-xs-12 MuiGrid-grid-sm-12 MuiGrid-grid-md-12 MuiGrid-grid-lg-12 MuiGrid-grid-xl-12"
        >
          <form
            onSubmit={[Function]}
          >
            <div
              className="MuiPaper-root MuiPaper-elevation1 MuiCard-root MuiPaper-rounded"
            >
              <div
                className="MuiCardHeader-root"
              >
                <div
                  className="MuiCardHeader-content"
                >
                  <span
                    className="MuiTypography-root MuiCardHeader-title MuiTypography-h5 MuiTypography-displayBlock"
                  >
                    Edit Organization
                  </span>
                </div>
              </div>
              <hr
                className="MuiDivider-root"
              />
              <div
                className="MuiCardContent-root"
              >
                <div
                  className="wrapper"
                >
                  <div
                    className="makeStyles-logoWrap-170"
                  >
                    <input
                      className="logoInput"
                      name="name"
                      onChange={[Function]}
                      type="file"
                    />
                    <p>
                      Logo
                    </p>
                  </div>
                  <button
                    className="MuiButtonBase-root MuiButton-root MuiButton-contained MuiButton-containedPrimary Mui-disabled Mui-disabled"
                    disabled={true}
                    onBlur={[Function]}
                    onClick={[Function]}
                    onDragLeave={[Function]}
                    onFocus={[Function]}
                    onKeyDown={[Function]}
                    onKeyUp={[Function]}
                    onMouseDown={[Function]}
                    onMouseLeave={[Function]}
                    onMouseUp={[Function]}
                    onTouchEnd={[Function]}
                    onTouchMove={[Function]}
                    onTouchStart={[Function]}
                    tabIndex={-1}
                    type="button"
                  >
                    <span
                      className="MuiButton-label"
                    >
                      Delete Logo
                    </span>
                  </button>
                  <div
                    className="MuiGrid-root MuiGrid-container MuiGrid-spacing-xs-3 MuiGrid-justify-xs-center"
                  >
                    <div
                      className="MuiGrid-root MuiGrid-item MuiGrid-grid-xs-12 MuiGrid-grid-sm-12 MuiGrid-grid-md-12 MuiGrid-grid-lg-12 MuiGrid-grid-xl-12"
                    >
                      <div
                        className="MuiFormControl-root MuiTextField-root MuiFormControl-marginNormal MuiFormControl-fullWidth"
                      >
                        <label
                          className="MuiFormLabel-root MuiInputLabel-root MuiInputLabel-formControl MuiInputLabel-animated"
                          data-shrink={false}
                          htmlFor="name"
                          id="name-label"
                        >
                          Company Name
                        </label>
                        <div
                          className="MuiInputBase-root MuiInput-root MuiInput-underline MuiInputBase-fullWidth MuiInput-fullWidth MuiInputBase-formControl MuiInput-formControl"
                          onClick={[Function]}
                        >
                          <input
                            aria-invalid={false}
                            autoComplete="off"
                            className="MuiInputBase-input MuiInput-input"
                            disabled={false}
                            id="name"
                            name="name"
                            onAnimationStart={[Function]}
                            onBlur={[Function]}
                            onChange={[Function]}
                            onFocus={[Function]}
                            required={false}
                            type="text"
                            value=""
                          />
                        </div>
                      </div>
                    </div>
                    <div
                      className="MuiGrid-root MuiGrid-item MuiGrid-grid-xs-12 MuiGrid-grid-sm-12 MuiGrid-grid-md-12 MuiGrid-grid-lg-12 MuiGrid-grid-xl-12"
                    >
                      <div
                        className="MuiFormControl-root MuiTextField-root MuiFormControl-marginNormal MuiFormControl-fullWidth"
                      >
                        <label
                          className="MuiFormLabel-root MuiInputLabel-root MuiInputLabel-formControl MuiInputLabel-animated"
                          data-shrink={false}
                          htmlFor="address"
                          id="address-label"
                        >
                          Street Address
                        </label>
                        <div
                          className="MuiInputBase-root MuiInput-root MuiInput-underline MuiInputBase-fullWidth MuiInput-fullWidth MuiInputBase-formControl MuiInput-formControl"
                          onClick={[Function]}
                        >
                          <input
                            aria-invalid={false}
                            autoComplete="off"
                            className="MuiInputBase-input MuiInput-input"
                            disabled={false}
                            id="address"
                            name="address"
                            onAnimationStart={[Function]}
                            onBlur={[Function]}
                            onChange={[Function]}
                            onFocus={[Function]}
                            required={false}
                            type="text"
                            value=""
                          />
                        </div>
                      </div>
                    </div>
                    <div
                      className="MuiGrid-root MuiGrid-item MuiGrid-grid-xs-12 MuiGrid-grid-sm-12 MuiGrid-grid-md-6 MuiGrid-grid-lg-6 MuiGrid-grid-xl-6"
                    >
                      <div
                        className="MuiFormControl-root MuiTextField-root MuiFormControl-marginNormal MuiFormControl-fullWidth"
                      >
                        <label
                          className="MuiFormLabel-root MuiInputLabel-root MuiInputLabel-formControl MuiInputLabel-animated"
                          data-shrink={false}
                          htmlFor="city"
                          id="city-label"
                        >
                          City
                        </label>
                        <div
                          className="MuiInputBase-root MuiInput-root MuiInput-underline MuiInputBase-fullWidth MuiInput-fullWidth MuiInputBase-formControl MuiInput-formControl"
                          onClick={[Function]}
                        >
                          <input
                            aria-invalid={false}
                            autoComplete="off"
                            className="MuiInputBase-input MuiInput-input"
                            disabled={false}
                            id="city"
                            name="city"
                            onAnimationStart={[Function]}
                            onBlur={[Function]}
                            onChange={[Function]}
                            onFocus={[Function]}
                            required={false}
                            type="text"
                            value=""
                          />
                        </div>
                      </div>
                    </div>
                    <div
                      className="MuiGrid-root MuiGrid-item MuiGrid-grid-xs-12 MuiGrid-grid-sm-12 MuiGrid-grid-md-2 MuiGrid-grid-lg-2 MuiGrid-grid-xl-2"
                    >
                      <div
                        className="MuiFormControl-root MuiTextField-root MuiFormControl-marginNormal MuiFormControl-fullWidth"
                      >
                        <label
                          className="MuiFormLabel-root MuiInputLabel-root MuiInputLabel-formControl MuiInputLabel-animated"
                          data-shrink={false}
                          htmlFor="state"
                          id="state-label"
                        >
                          State
                        </label>
                        <div
                          className="MuiInputBase-root MuiInput-root MuiInput-underline MuiInputBase-fullWidth MuiInput-fullWidth MuiInputBase-formControl MuiInput-formControl"
                          onClick={[Function]}
                        >
                          <input
                            aria-invalid={false}
                            autoComplete="off"
                            className="MuiInputBase-input MuiInput-input"
                            disabled={false}
                            id="state"
                            name="state"
                            onAnimationStart={[Function]}
                            onBlur={[Function]}
                            onChange={[Function]}
                            onFocus={[Function]}
                            required={false}
                            type="text"
                            value=""
                          />
                        </div>
                      </div>
                    </div>
                    <div
                      className="MuiGrid-root MuiGrid-item MuiGrid-grid-xs-12 MuiGrid-grid-sm-12 MuiGrid-grid-md-4 MuiGrid-grid-lg-4 MuiGrid-grid-xl-4"
                    >
                      <div
                        className="MuiFormControl-root MuiTextField-root MuiFormControl-marginNormal MuiFormControl-fullWidth"
                      >
                        <label
                          className="MuiFormLabel-root MuiInputLabel-root MuiInputLabel-formControl MuiInputLabel-animated"
                          data-shrink={false}
                          htmlFor="zip"
                          id="zip-label"
                        >
                          Zip
                        </label>
                        <div
                          className="MuiInputBase-root MuiInput-root MuiInput-underline MuiInputBase-fullWidth MuiInput-fullWidth MuiInputBase-formControl MuiInput-formControl"
                          onClick={[Function]}
                        >
                          <input
                            aria-invalid={false}
                            autoComplete="off"
                            className="MuiInputBase-input MuiInput-input"
                            disabled={false}
                            id="zip"
                            name="zip"
                            onAnimationStart={[Function]}
                            onBlur={[Function]}
                            onChange={[Function]}
                            onFocus={[Function]}
                            required={false}
                            type="text"
                            value=""
                          />
                        </div>
                      </div>
                    </div>
                  </div>
                </div>
                <div
                  className="MuiCardActions-root MuiCardActions-spacing"
                >
                  <button
                    className="MuiButtonBase-root MuiButton-root MuiButton-text MuiButton-textPrimary"
                    disabled={false}
                    id="cancel"
                    onBlur={[Function]}
                    onClick={[Function]}
                    onDragLeave={[Function]}
                    onFocus={[Function]}
                    onKeyDown={[Function]}
                    onKeyUp={[Function]}
                    onMouseDown={[Function]}
                    onMouseLeave={[Function]}
                    onMouseUp={[Function]}
                    onTouchEnd={[Function]}
                    onTouchMove={[Function]}
                    onTouchStart={[Function]}
                    tabIndex={0}
                    type="button"
                  >
                    <span
                      className="MuiButton-label"
                    >
                      Cancel
                    </span>
                  </button>
                  <button
                    className="MuiButtonBase-root MuiButton-root MuiButton-contained MuiButton-containedPrimary"
                    disabled={false}
                    id="submit"
                    onBlur={[Function]}
                    onDragLeave={[Function]}
                    onFocus={[Function]}
                    onKeyDown={[Function]}
                    onKeyUp={[Function]}
                    onMouseDown={[Function]}
                    onMouseLeave={[Function]}
                    onMouseUp={[Function]}
                    onTouchEnd={[Function]}
                    onTouchMove={[Function]}
                    onTouchStart={[Function]}
                    tabIndex={0}
                    type="submit"
                  >
                    <span
                      className="MuiButton-label"
                    >
                      Submit
                    </span>
                  </button>
                </div>
              </div>
            </div>
          </form>
        </div>
      </div>
      <div
        style={
          Object {
            "paddingTop": 12,
          }
        }
      >
        <div
          className="MuiGrid-root MuiGrid-container MuiGrid-spacing-xs-3"
        >
          <div
            className="MuiGrid-root MuiGrid-item MuiGrid-grid-xs-12"
          >
            <div
              className="MuiPaper-root MuiPaper-elevation1 MuiCard-root MuiPaper-rounded"
            >
              <div
                className="MuiCardHeader-root"
              >
                <div
                  className="MuiCardHeader-content"
                >
                  <span
                    className="MuiTypography-root MuiCardHeader-title MuiTypography-h5 MuiTypography-displayBlock"
                  >
                    Transactions
                  </span>
                  <span
                    className="MuiTypography-root MuiCardHeader-subheader MuiTypography-body1 MuiTypography-colorTextSecondary MuiTypography-displayBlock"
                  >
                    Balance: 0
                  </span>
                </div>
              </div>
              <hr
                className="MuiDivider-root"
              />
              <ul
                className="MuiList-root MuiList-padding"
              >
                <li
                  className="MuiListItem-root MuiListItem-gutters MuiListItem-divider"
                  disabled={false}
                >
                  <div
                    className="MuiListItemText-root"
                  >
                    <span
                      className="MuiTypography-root MuiListItemText-primary MuiTypography-body1"
                    >
                      <div
                        className="MuiSkeleton-root MuiSkeleton-text MuiSkeleton-animate"
                        style={
                          Object {
                            "height": undefined,
                            "width": undefined,
                          }
                        }
                      />
                    </span>
                  </div>
                </li>
                <li
                  className="MuiListItem-root MuiListItem-gutters MuiListItem-divider"
                  disabled={false}
                >
                  <div
                    className="MuiListItemText-root"
                  >
                    <span
                      className="MuiTypography-root MuiListItemText-primary MuiTypography-body1"
                    >
                      <div
                        className="MuiSkeleton-root MuiSkeleton-text MuiSkeleton-animate"
                        style={
                          Object {
                            "height": undefined,
                            "width": undefined,
                          }
                        }
                      />
                    </span>
                  </div>
                </li>
                <li
                  className="MuiListItem-root MuiListItem-gutters MuiListItem-divider"
                  disabled={false}
                >
                  <div
                    className="MuiListItemText-root"
                  >
                    <span
                      className="MuiTypography-root MuiListItemText-primary MuiTypography-body1"
                    >
                      <div
                        className="MuiSkeleton-root MuiSkeleton-text MuiSkeleton-animate"
                        style={
                          Object {
                            "height": undefined,
                            "width": undefined,
                          }
                        }
                      />
                    </span>
                  </div>
                </li>
              </ul>
            </div>
          </div>
          <div
            className="MuiGrid-root MuiGrid-item MuiGrid-grid-xs-12"
            style={
              Object {
                "textAlign": "center",
              }
            }
          />
        </div>
      </div>
    </div>
  </main>
</div>
`;
