// Jest Snapshot v1, https://goo.gl/fbAQLP

exports[`Dashboard component renders correctly 1`] = `
<div
  className="wrapper"
>
  <div
    className="MuiGrid-root MuiGrid-container MuiGrid-spacing-xs-3 MuiGrid-justify-xs-center"
  >
    <div
      className="MuiGrid-root MuiGrid-item MuiGrid-grid-xs-12 MuiGrid-grid-sm-4 MuiGrid-grid-md-4 MuiGrid-grid-lg-4 MuiGrid-grid-xl-4"
    >
      <div
        className="MuiPaper-root MuiPaper-elevation1 MuiCard-root MuiPaper-rounded"
      >
        <div
          className="MuiCardHeader-root"
        >
          <div
            className="MuiCardHeader-content"
          >
            <span
              className="MuiTypography-root MuiCardHeader-title MuiTypography-h5 MuiTypography-displayBlock"
            >
              Organizations
            </span>
            <span
              className="MuiTypography-root MuiCardHeader-subheader MuiTypography-body1 MuiTypography-colorTextSecondary MuiTypography-displayBlock"
            >
              Number of organizations: 0
            </span>
          </div>
        </div>
        <hr
          className="MuiDivider-root"
        />
        <div>
          Loading Chart
        </div>
      </div>
    </div>
    <div
      className="MuiGrid-root MuiGrid-item MuiGrid-grid-xs-12 MuiGrid-grid-sm-8 MuiGrid-grid-md-8 MuiGrid-grid-lg-8 MuiGrid-grid-xl-8"
    >
      <div
        className="MuiPaper-root MuiPaper-elevation1 MuiCard-root MuiPaper-rounded"
      >
        <div
          className="MuiCardHeader-root"
        >
          <div
            className="MuiCardHeader-content"
          >
            <span
              className="MuiTypography-root MuiCardHeader-title MuiTypography-h5 MuiTypography-displayBlock"
            >
              Organizations Info
            </span>
            <span
              className="MuiTypography-root MuiCardHeader-subheader MuiTypography-body1 MuiTypography-colorTextSecondary MuiTypography-displayBlock"
            >
              Active organizations
            </span>
          </div>
        </div>
        <hr
          className="MuiDivider-root"
        />
        <div>
          Loading Chart
        </div>
      </div>
    </div>
  </div>
  <div
    className="MuiGrid-root MuiGrid-container MuiGrid-spacing-xs-3 MuiGrid-justify-xs-center"
  >
    <div
      className="MuiGrid-root MuiGrid-item MuiGrid-grid-xs-12 MuiGrid-grid-sm-6 MuiGrid-grid-md-6 MuiGrid-grid-lg-6 MuiGrid-grid-xl-6"
    >
      <div
        style={
          Object {
            "paddingTop": 12,
          }
        }
      >
        <div
          className="MuiPaper-root MuiPaper-elevation1 MuiCard-root MuiPaper-rounded"
        >
          <div
            className="MuiCardHeader-root"
          >
            <div
              className="MuiCardHeader-content"
            >
              <span
                className="MuiTypography-root MuiCardHeader-title MuiTypography-h5 MuiTypography-displayBlock"
              >
                Candidates
              </span>
              <span
                className="MuiTypography-root MuiCardHeader-subheader MuiTypography-body1 MuiTypography-colorTextSecondary MuiTypography-displayBlock"
              >
                Number of applied candidates: 0
              </span>
            </div>
          </div>
          <hr
            className="MuiDivider-root"
          />
          <div>
            Loading Chart
          </div>
        </div>
      </div>
    </div>
    <div
      className="MuiGrid-root MuiGrid-item MuiGrid-grid-xs-12 MuiGrid-grid-sm-6 MuiGrid-grid-md-6 MuiGrid-grid-lg-6 MuiGrid-grid-xl-6"
    >
      <div
        style={
          Object {
            "paddingTop": 12,
          }
        }
      >
        <div
          className="MuiPaper-root MuiPaper-elevation1 MuiCard-root MuiPaper-rounded"
        >
          <div
            className="MuiCardHeader-root"
          >
            <div
              className="MuiCardHeader-content"
            >
              <span
                className="MuiTypography-root MuiCardHeader-title MuiTypography-h5 MuiTypography-displayBlock"
              >
                Jobs
              </span>
              <span
                className="MuiTypography-root MuiCardHeader-subheader MuiTypography-body1 MuiTypography-colorTextSecondary MuiTypography-displayBlock"
              >
                Number of posted jobs: 0
              </span>
            </div>
          </div>
          <hr
            className="MuiDivider-root"
          />
          <div>
            Loading Chart
          </div>
        </div>
      </div>
    </div>
  </div>
</div>
`;
